{
  "@timestamp": "2023-08-18T11:31:03.003Z",
  "type": "health",
  "date": "2023.08.18",
  "_id": "4902ad30-eda7-44e3-82ad-30eda794e31a",
  "api": "ff3c6c48-53e0-41d6-bc6c-4853e011d656",
  "endpoint": "default",
  "available": true,
  "response-time": 43,
  "success": true,
  "state": 3,
  "transition": false,
  "steps": [
    {
      "name": "default-step",
      "success": true,
      "request": {
        "uri": "https://api.gravitee.io/echo/",
        "method": "GET"
      },
      "response": {
        "status": 200
      },
      "response-time": 43,
      "message": null
    }
  ],
  "gateway": "gateway-id"
}
