{
  "type": "log",
  "date": "2023.08.18",
  "_id": "a01b8b77-ccd6-4dd7-9b8b-77ccd6fdd7e2",
  "@timestamp": "2023-08-18T11:17:31.748Z",
  "api": "ff3c6c48-53e0-41d6-bc6c-4853e011d656",
  "api-name": "API Name",
  "client-request": {
    "method": "GET",
    "uri": "/test",
    "headers": {
      "Accept": ["*/*"],
      "Host": ["localhost:8082"],
      "User-Agent": ["curl/7.88.1"],
      "X-Gravitee-Request-Id": ["a01b8b77-ccd6-4dd7-9b8b-77ccd6fdd7e2"],
      "X-Gravitee-Transaction-Id": ["a01b8b77-ccd6-4dd7-9b8b-77ccd6fdd7e2"]
    }
  },
  "client-response": {
    "status": 200,
    "body": "{\"headers\":{\"Accept\":\"*/*\",\"Host\":\"api.gravitee.io\",\"User-Agent\":\"curl/7.88.1\",\"X-Gravitee-Request-Id\":\"44dce1dd-b94b-4e30-9ce1-ddb94b0e3036\",\"X-Gravitee-Transaction-Id\":\"a01b8b77-ccd6-4dd7-9b8b-77ccd6fdd7e2\",\"accept-encoding\":\"deflate, gzip\"},\"query_params\":{},\"bodySize\":0}",
    "headers": {
      "Sozu-Id": ["01H845TR2G8XRS2E0AMCH3B31C"],
      "Content-Length": ["275"],
      "Content-Type": ["application/json"],
      "X-Gravitee-Transaction-Id": ["a01b8b77-ccd6-4dd7-9b8b-77ccd6fdd7e2"],
      "X-Gravitee-Request-Id": ["a01b8b77-ccd6-4dd7-9b8b-77ccd6fdd7e2"]
    }
  },
  "proxy-request": {
    "method": "GET",
    "uri": "https://api.gravitee.io/echo",
    "headers": {
      "Accept": ["*/*"],
      "User-Agent": ["curl/7.88.1"],
      "Host": ["api.gravitee.io"],
      "X-Gravitee-Transaction-Id": ["a01b8b77-ccd6-4dd7-9b8b-77ccd6fdd7e2"],
      "X-Gravitee-Request-Id": ["a01b8b77-ccd6-4dd7-9b8b-77ccd6fdd7e2"]
    }
  },
  "proxy-response": {
    "status": 200,
    "body": "{\"headers\":{\"Accept\":\"*/*\",\"Host\":\"api.gravitee.io\",\"User-Agent\":\"curl/7.88.1\",\"X-Gravitee-Request-Id\":\"44dce1dd-b94b-4e30-9ce1-ddb94b0e3036\",\"X-Gravitee-Transaction-Id\":\"a01b8b77-ccd6-4dd7-9b8b-77ccd6fdd7e2\",\"accept-encoding\":\"deflate, gzip\"},\"query_params\":{},\"bodySize\":0}",
    "headers": {
      "Sozu-Id": ["01H845TR2G8XRS2E0AMCH3B31C"],
      "Content-Length": ["275"],
      "Content-Type": ["application/json"],
      "X-Gravitee-Transaction-Id": ["a01b8b77-ccd6-4dd7-9b8b-77ccd6fdd7e2"],
      "X-Gravitee-Request-Id": ["44dce1dd-b94b-4e30-9ce1-ddb94b0e3036"]
    }
  }
}
