{
  "@timestamp": "2023-08-18T12:35:25.746Z",
  "type": "v4-log",
  "date": "2023.08.18",
  "_id": "f69882b1-d713-4d80-9882-b1d7137d8019",
  "api-id": "5f67b38f-0700-4557-a7b3-8f0700855779",
  "api-name": "API Name",
  "request-id": "f69882b1-d713-4d80-9882-b1d7137d8019",
  "client-identifier": "318e47e5-349c-4fa4-8e47-e5349c3fa444",
  "request-ended": "true",
  "entrypoint-request": {
    "method": "GET",
    "uri": "/test-v4",
    "headers": {
      "Accept": ["*/*"],
      "Host": ["localhost:8082"],
      "User-Agent": ["curl/7.88.1"],
      "x-gravitee-api-key": ["2e600289-a4b3-48d8-81ba-542d09b5c02e"],
      "X-Gravitee-Request-Id": ["f69882b1-d713-4d80-9882-b1d7137d8019"],
      "X-Gravitee-Transaction-Id": ["f69882b1-d713-4d80-9882-b1d7137d8019"]
    }
  },
  "entrypoint-response": {
    "status": 200,
    "headers": {
      "Content-Length": ["275"],
      "Content-Type": ["application/json"],
      "Sozu-Id": ["01H84A9CF8T6BFVQYTCJMXT6BB"],
      "X-Gravitee-Client-Identifier": ["318e47e5-349c-4fa4-8e47-e5349c3fa444"],
      "X-Gravitee-Request-Id": ["f69882b1-d713-4d80-9882-b1d7137d8019"],
      "X-Gravitee-Transaction-Id": ["f69882b1-d713-4d80-9882-b1d7137d8019"]
    }
  },
  "endpoint-request": {
    "method": "GET",
    "uri": "https://api.gravitee.io/echo",
    "headers": {
      "Accept": ["*/*"],
      "User-Agent": ["curl/7.88.1"],
      "X-Gravitee-Request-Id": ["f69882b1-d713-4d80-9882-b1d7137d8019"],
      "X-Gravitee-Transaction-Id": ["f69882b1-d713-4d80-9882-b1d7137d8019"]
    }
  },
  "endpoint-response": {
    "status": 200,
    "headers": {
      "X-Gravitee-Request-Id": ["a62d31fc-2619-4331-ad31-fc2619433115"],
      "X-Gravitee-Transaction-Id": ["f69882b1-d713-4d80-9882-b1d7137d8019"],
      "Content-Length": ["275"],
      "Content-Type": ["application/json"],
      "Sozu-Id": ["01H84A9CF8T6BFVQYTCJMXT6BB"]
    }
  }
}
