{
  "type": "v4-metrics",
  "date": "2023.08.18",
  "_id": "076aea69-6024-4590-aaea-6960247590a0",
  "gateway": "gateway-id",
  "@timestamp": "2023-08-18T11:46:53.844Z",
  "request-id": "076aea69-6024-4590-aaea-6960247590a0",
  "client-identifier": "318e47e5-349c-4fa4-8e47-e5349c3fa444",
  "transaction-id": "076aea69-6024-4590-aaea-6960247590a0",
  "api-id": "5f67b38f-0700-4557-a7b3-8f0700855779",
  "plan-id": "8463511c-fbed-4ca9-a351-1cfbed9ca99d",
  "application-id": "91f077b0-1204-49e4-b077-b0120419e4f6",
  "subscription-id": "318e47e5-349c-4fa4-8e47-e5349c3fa444",
  "http-method": 3,
  "local-address": "127.0.0.1",
  "remote-address": "127.0.0.1",
  "host": "localhost:8082",
  "uri": "/test-v4",
  "path-info": "",
  "user-agent": "",
  "request-ended": "true",
  "endpoint": "https://api.gravitee.io/echo",
  "endpoint-response-time-ms": 137,
  "status": 200,
  "response-content-length": 274,
  "gateway-response-time-ms": 144,
  "gateway-latency-ms": 7
}
