{
  "timestamp": 1692358263003,
  "id": "4902ad30-eda7-44e3-82ad-30eda794e31a",
  "api": "ff3c6c48-53e0-41d6-bc6c-4853e011d656",
  "endpoint": "default",
  "state": 3,
  "available": true,
  "success": true,
  "responseTime": 43,
  "steps": [
    {
      "name": "default-step",
      "success": true,
      "responseTime": 43,
      "request": { "method": "GET", "uri": "https://api.gravitee.io/echo/" },
      "response": { "status": 200 }
    }
  ],
  "transition": false
}
