{
  "date": 1692358263003,
  "api": "ff3c6c48-53e0-41d6-bc6c-4853e011d656",
  "success": true
}
