{
  "date": 1692357618550,
  "os": {
    "timestamp": 1692357618550,
    "cpu": {
      "percent": 35,
      "loadAverage": [4.77197265625, -1.0, -1.0]
    },
    "mem": {
      "total": 34359738368,
      "free": 49741824,
      "used": 34309996544,
      "usedPercent": 100,
      "freePercent": 0
    },
    "swap": {
      "total": 2147483648,
      "free": 744095744
    }
  }
}
