1751015211866;"test_gateway";"test_org";"test_env";"test_api";"test_plan";"test_app";"test_topic";3112;213123;13123;213311;40593;432421;34413;2132131;4;3;