"f69882b1-d713-4d80-9882-b1d7137d8019";"5f67b38f-0700-4557-a7b3-8f0700855779";"318e47e5-349c-4fa4-8e47-e5349c3fa444";true;"{"method":"GET","headers":{"Accept":["*/*"],"Host":["localhost:8082"],"User-Agent":["curl/7.88.1"],"x-gravitee-api-key":["2e600289-a4b3-48d8-81ba-542d09b5c02e"],"X-Gravitee-Request-Id":["f69882b1-d713-4d80-9882-b1d7137d8019"],"X-Gravitee-Transaction-Id":["f69882b1-d713-4d80-9882-b1d7137d8019"]},"uri":"/test-v4"}";"{"status":200,"headers":{"Content-Length":["275"],"Content-Type":["application/json"],"Sozu-Id":["01H84A9CF8T6BFVQYTCJMXT6BB"],"X-Gravitee-Client-Identifier":["318e47e5-349c-4fa4-8e47-e5349c3fa444"],"X-Gravitee-Request-Id":["f69882b1-d713-4d80-9882-b1d7137d8019"],"X-Gravitee-Transaction-Id":["f69882b1-d713-4d80-9882-b1d7137d8019"]}}";"{"method":"GET","headers":{"Accept":["*/*"],"User-Agent":["curl/7.88.1"],"X-Gravitee-Request-Id":["f69882b1-d713-4d80-9882-b1d7137d8019"],"X-Gravitee-Transaction-Id":["f69882b1-d713-4d80-9882-b1d7137d8019"]},"uri":"https://api.gravitee.io/echo"}";"{"status":200,"headers":{"X-Gravitee-Request-Id":["a62d31fc-2619-4331-ad31-fc2619433115"],"X-Gravitee-Transaction-Id":["f69882b1-d713-4d80-9882-b1d7137d8019"],"Content-Length":["275"],"Content-Type":["application/json"],"Sozu-Id":["01H84A9CF8T6BFVQYTCJMXT6BB"]}}";