"10e949d4-fa38-4ff4-a139-1358bbacd127";"";"1d1d007b-7891-45d0-9d00-7b789175d0a2";1692796321153;"be926300-20aa-4109-9263-0020aa31096c";"SUBSCRIBE";"ENTRYPOINT";"http-get";4;21;-1;10;-1;false;0;"europe-west10-a"