"1d1d007b-7891-45d0-9d00-7b789175d0a2";"be926300-20aa-4109-9263-0020aa31096c";"API Name";"10e949d4-fa38-4ff4-a139-1358bbacd127";"";"SUBSCRIBE";"ENTRYPOINT";"http-get";"{"headers":{},"payload":"test","metadata":{"topic":"demo","partition":0,"offset":431,"sourceTimestamp":1692796318905,"key":"message"},"error":false}";