"076aea69-6024-4590-aaea-6960247590a0";"076aea69-6024-4590-aaea-6960247590a0";1692359213844;"0.0.0.0";"127.0.0.1";"5f67b38f-0700-4557-a7b3-8f0700855779";"91f077b0-1204-49e4-b077-b0120419e4f6";"8463511c-fbed-4ca9-a351-1cfbed9ca99d";"318e47e5-349c-4fa4-8e47-e5349c3fa444";"";"";"/test-v4";"";"";"GET";200;"https://api.gravitee.io/echo";"";"";"curl/7.88.1";"localhost:8082";-1;274;137;144;7;"";""