{
  "timestamp": 1751015211866,
  "gatewayId": "test_gateway",
  "organizationId": "test_org",
  "environmentId": "test_env",
  "apiId": "test_api",
  "planId": "test_plan",
  "applicationId": "test_app",
  "topic": "test_topic",
  "downstreamPublishMessagesTotal": 3112,
  "downstreamPublishMessageBytes": 213123,
  "upstreamPublishMessagesTotal": 13123,
  "upstreamPublishMessageBytes": 213311,
  "downstreamSubscribeMessagesTotal": 40593,
  "downstreamSubscribeMessageBytes": 432421,
  "upstreamSubscribeMessagesTotal": 34413,
  "upstreamSubscribeMessageBytes": 2132131,
  "downstreamActiveConnections": 4,
  "upstreamActiveConnections": 3
}
