{
  "timestamp": 1692362125746,
  "apiId": "5f67b38f-0700-4557-a7b3-8f0700855779",
  "apiName": "API Name",
  "requestId": "f69882b1-d713-4d80-9882-b1d7137d8019",
  "clientIdentifier": "318e47e5-349c-4fa4-8e47-e5349c3fa444",
  "requestEnded": true,
  "entrypointRequest": {
    "method": "GET",
    "headers": {
      "Accept": ["*/*"],
      "User-Agent": ["curl/7.88.1"],
      "x-gravitee-api-key": ["2e600289-a4b3-48d8-81ba-542d09b5c02e"],
      "X-Gravitee-Transaction-Id": ["f69882b1-d713-4d80-9882-b1d7137d8019"],
      "Host": ["localhost:8082"],
      "X-Gravitee-Request-Id": ["f69882b1-d713-4d80-9882-b1d7137d8019"]
    },
    "uri": "/test-v4"
  },
  "endpointRequest": {
    "method": "GET",
    "headers": {
      "Accept": ["*/*"],
      "User-Agent": ["curl/7.88.1"],
      "X-Gravitee-Transaction-Id": ["f69882b1-d713-4d80-9882-b1d7137d8019"],
      "X-Gravitee-Request-Id": ["f69882b1-d713-4d80-9882-b1d7137d8019"]
    },
    "uri": "https://api.gravitee.io/echo"
  },
  "entrypointResponse": {
    "status": 200,
    "headers": {
      "X-Gravitee-Client-Identifier": ["318e47e5-349c-4fa4-8e47-e5349c3fa444"],
      "X-Gravitee-Transaction-Id": ["f69882b1-d713-4d80-9882-b1d7137d8019"],
      "Content-Length": ["275"],
      "Sozu-Id": ["01H84A9CF8T6BFVQYTCJMXT6BB"],
      "X-Gravitee-Request-Id": ["f69882b1-d713-4d80-9882-b1d7137d8019"],
      "Content-Type": ["application/json"]
    }
  },
  "endpointResponse": {
    "status": 200,
    "headers": {
      "X-Gravitee-Transaction-Id": ["f69882b1-d713-4d80-9882-b1d7137d8019"],
      "Content-Length": ["275"],
      "Sozu-Id": ["01H84A9CF8T6BFVQYTCJMXT6BB"],
      "X-Gravitee-Request-Id": ["a62d31fc-2619-4331-ad31-fc2619433115"],
      "Content-Type": ["application/json"]
    }
  }
}
