{
  "timestamp": 1692796321153,
  "apiId": "be926300-20aa-4109-9263-0020aa31096c",
  "apiName": "API Name",
  "requestId": "1d1d007b-7891-45d0-9d00-7b789175d0a2",
  "clientIdentifier": "b6cf5bd6081fb775fc3f89927e582d7e945f955c35b73a07879d75bb4ea96a01",
  "correlationId": "10e949d4-fa38-4ff4-a139-1358bbacd127",
  "operation": "SUBSCRIBE",
  "connectorType": "ENTRYPOINT",
  "connectorId": "http-get",
  "message": {
    "headers": {},
    "payload": "test",
    "metadata": {
      "topic": "demo",
      "partition": 0,
      "offset": 431,
      "sourceTimestamp": 1692796318905,
      "key": "message"
    },
    "error": false
  }
}
