"4902ad30-eda7-44e3-82ad-30eda794e31a";"ff3c6c48-53e0-41d6-bc6c-4853e011d656";"default";3;true;true;false;43;"default-step";true;43;"""{"method":"GET","uri":"https://api.gravitee.io/echo/"}";"{"status":200}";