"13f5ae30-068b-4e2d-b5ae-30068bae2d2d";"13f5ae30-068b-4e2d-b5ae-30068bae2d2d";1692357381941;"0.0.0.0";"127.0.0.1";"ff3c6c48-53e0-41d6-bc6c-4853e011d656";"";"91f077b0-1204-49e4-b077-b0120419e4f6";"e115ea63-7cef-4646-95ea-637cef7646ec";"04975880-f147-43bc-9758-80f147e3bcbb";"";"";"/test";"";"";"GET";200;"https://api.gravitee.io/echo";"";"";"curl/7.88.1";"localhost:8082";0;275;144;150;6;"API_KEY";"ff3c6c48-53e0-41d6-bc6c-4853e011d656"