35;1692357618550;377;10240;1692357618550;604500;209715200;126484480;75249824;123611376;8589934592;114;116;"young";19;69;"old";0;0;